{
  "name": "foo",
  "noflo": {
    "graphs": {
      "multiplatform": "../test/fixtures/graphs/multiplatform.fbp",
      "NodeGraph": "../test/fixtures/graphs/node.fbp"
    }
  }
}
